[05:56:24] [main/INFO]: Loading Minecraft 26.1.2 with Fabric Loader 0.19.3
[05:56:24] [main/INFO]: Mappings not present!
[05:56:27] [main/WARN]: Warnings were found!
 - Mod 'Forge Config API Port' (forgeconfigapiport) 26.1.5 recommends any version of modmenu, which is missing!
	 - You should install any version of modmenu for the optimal experience.
[05:56:27] [main/INFO]: Loading 99 mods:
	- animal_feeding_trough 1.2.1+26.1.2
	- artifacts 15.0.0
	   |-- cardinal-components-base 8.0.0
	   |-- cardinal-components-entity 8.0.0
	   \-- expandability 14.0.0
	- balm 26.1.2.10
	   \-- kuma_api 26.1.2.2
	- betterdungeons 26.1.2-Fabric-6.1.0
	   \-- org_reflections_reflections 0.10.2
	- betterendisland 26.1.2-Fabric-4.1.0
	   \-- org_reflections_reflections 0.10.2
	- betterfortresses 26.1.2-Fabric-4.1.0
	   \-- org_reflections_reflections 0.10.2
	- biomesoplenty 26.1.2.0.16
	   |-- com_google_code_findbugs_jsr305 3.0.2
	   \-- net_jodah_typetools 0.6.3
	- cloth-config 26.1.154
	   \-- cloth-basic-math 0.6.1
	- creativecore 2.14.16
	   \-- net_neoforged_bus 7.2.0
	- cristellib 3.1.11
	   \-- blue_endless_jankson 1.2.3
	- explorify 1.6.5
	- fabric-api 0.155.2+26.1.2
	   |-- fabric-api-base 2.0.3+ece063234c
	   |-- fabric-api-lookup-api-v1 2.0.12+d5a053b64c
	   |-- fabric-biome-api-v1 18.0.5+2fa62b4e4c
	   |-- fabric-block-api-v1 3.0.2+ec56b6014c
	   |-- fabric-block-getter-api-v2 2.0.6+ec56b6014c
	   |-- fabric-command-api-v2 3.0.5+e2bdee784c
	   |-- fabric-content-registries-v0 11.3.0+0082c9664c
	   |-- fabric-convention-tags-v2 4.6.2+4f11f7994c
	   |-- fabric-crash-report-info-v1 1.0.3+9f78a5a84c
	   |-- fabric-creative-tab-api-v1 5.0.11+d871b99e4c
	   |-- fabric-data-attachment-api-v1 2.2.9+44a0bd1d4c
	   |-- fabric-data-generation-api-v1 24.3.3+cda368334c
	   |-- fabric-debug-api-v1 1.0.1+c792624d4c
	   |-- fabric-dimensions-v1 5.1.7+ad343a8d4c
	   |-- fabric-entity-events-v1 5.0.2+e2bdee784c
	   |-- fabric-events-interaction-v0 5.2.2+07b380be4c
	   |-- fabric-game-rule-api-v1 4.0.5+d871b99e4c
	   |-- fabric-item-api-v1 14.3.0+6d1aaa724c
	   |-- fabric-key-mapping-api-v1 2.0.4+e2bdee784c
	   |-- fabric-lifecycle-events-v1 4.1.1+df84eb3d4c
	   |-- fabric-loot-api-v3 3.0.12+00a1fba64c
	   |-- fabric-menu-api-v1 2.0.14+d871b99e4c
	   |-- fabric-message-api-v1 7.0.5+dae8ce3e4c
	   |-- fabric-model-loading-api-v1 8.0.11+c80601bb4c
	   |-- fabric-networking-api-v1 6.3.1+554860db4c
	   |-- fabric-object-builder-api-v1 23.1.0+abb459f14c
	   |-- fabric-particles-v1 5.0.15+b61fef434c
	   |-- fabric-permission-api-v1 1.0.2+7437387b4c
	   |-- fabric-recipe-api-v1 9.0.16+be4b75ae4c
	   |-- fabric-registry-sync-v0 7.1.0+2fa62b4e4c
	   |-- fabric-renderer-api-v1 13.0.8+c80601bb4c
	   |-- fabric-renderer-indigo 8.1.5+1403e82c4c
	   |-- fabric-rendering-fluids-v1 6.0.1+d871b99e4c
	   |-- fabric-rendering-v1 23.3.1+e9207d814c
	   |-- fabric-resource-conditions-api-v1 6.1.0+83dd0ba34c
	   |-- fabric-resource-loader-v0 3.3.17+4fc5413f4c
	   |-- fabric-resource-loader-v1 2.0.10+7c44c7324c
	   |-- fabric-screen-api-v1 5.1.0+981dd9b24c
	   |-- fabric-serialization-api-v1 2.0.3+11a26f314c
	   |-- fabric-sound-api-v1 2.0.4+11a26f314c
	   |-- fabric-tag-api-v1 2.1.1+371cf5db4c
	   |-- fabric-transfer-api-v1 8.0.6+357ea7334c
	   \-- fabric-transitive-access-wideners-v1 8.1.3+3ff549fb4c
	- fabricloader 0.19.3
	   \-- mixinextras 0.5.4
	- farmersdelight 26.1-3.6.8+refabricated
	- forgeconfigapiport 26.1.5
	   |-- com_electronwill_night-config_core 3.8.3
	   \-- com_electronwill_night-config_toml 3.8.3
	- framework 0.13.23
	   |-- com_electronwill_night-config_core 3.8.3
	   |-- com_electronwill_night-config_toml 3.8.3
	   |-- org_javassist_javassist 3.30.2-GA
	   \-- org_reflections_reflections 0.10.2
	- geckolib 5.5.2
	- glitchcore 26.1.2.0.2
	   \-- net_jodah_typetools 0.6.3
	- immersive_armors 1.8.0+26.1.2
	- immersiveores 26.1.2-0.3
	   \-- playerabilitylib 1.16.0
	- jade 26.1.8+fabric
	- java 25
	- jei 29.21.0.68
	- mca 8.1.8+26.1.2
	- mcwdoors 1.1.5
	- minecraft 26.1.2
	- mr_ati_structuresfabricforge 1.4.5
	- mutantmonsters 26.1.2
	- puzzleslib 26.1.11
	- refurbished_furniture 1.0.23
	- shogi 26.1.2.7
	   \-- shogi_api 26.1.2.7
	- sound_physics_remastered 1.5.1+26.1.2
	- structory 1.3.17
	- structory_towers 1.0.17
	- t_and_t 1.13.11
	- terrablender 26.1.2.0.2
	- travelersbackpack 11.2.9
	- trinkets_updated 4.0.0-beta.3+26.1
	   \-- yumi_mc_core 1.0.1+26.1
	        |-- yumi_commons_collections 2.0.0
	        |-- yumi_commons_core 2.0.0
	        \-- yumi_commons_event 2.0.0
	- waystones 26.1.2.5
	- xaerominimap 26.1.5
	   \-- xaerolib 1.1.17
	- xaeroworldmap 1.41.3
	   \-- xaerolib 1.1.17
	- yungsapi 26.1.2-Fabric-6.1.1
	   \-- org_reflections_reflections 0.10.2
[05:56:28] [main/INFO]: SpongePowered MIXIN Subsystem Version=0.8.7 Source=file:/workspaces/cobblemodtiktok/servidor_minecraft/libraries/net/fabricmc/sponge-mixin/0.17.3+mixin.0.8.7/sponge-mixin-0.17.3+mixin.0.8.7.jar Service=Knot/Fabric Env=SERVER
[05:56:28] [main/INFO]: Compatibility level set to JAVA_25
[05:56:28] [main/WARN]: Reference map 'betterdungeons.refmap.json' for betterdungeons.mixins.json could not be read. If this is a development environment you can ignore this message
[05:56:28] [main/WARN]: Reference map 'betterendisland.refmap.json' for betterendisland.mixins.json could not be read. If this is a development environment you can ignore this message
[05:56:28] [main/WARN]: Reference map 'betterfortresses.refmap.json' for betterfortresses.mixins.json could not be read. If this is a development environment you can ignore this message
[05:56:28] [main/WARN]: Reference map 'biomesoplenty.refmap.json' for biomesoplenty.mixins.json could not be read. If this is a development environment you can ignore this message
[05:56:28] [main/WARN]: Reference map 'biomesoplenty.refmap.json' for biomesoplenty.fabric.mixins.json could not be read. If this is a development environment you can ignore this message
[05:56:28] [main/WARN]: Reference map 'creativecore.mixins.refmap.json' for creativecore.mixins.json could not be read. If this is a development environment you can ignore this message
[05:56:28] [main/WARN]: Reference map 'creativecore.mixins.refmap.json' for creativecore.fabric.mixins.json could not be read. If this is a development environment you can ignore this message
[05:56:29] [main/WARN]: Reference map 'framework.refmap.json' for framework.common.mixins.json could not be read. If this is a development environment you can ignore this message
[05:56:29] [main/WARN]: Reference map 'framework.refmap.json' for framework.fabric.mixins.json could not be read. If this is a development environment you can ignore this message
[05:56:29] [main/WARN]: Reference map 'glitchcore.refmap.json' for glitchcore.mixins.json could not be read. If this is a development environment you can ignore this message
[05:56:29] [main/WARN]: Reference map 'glitchcore.refmap.json' for glitchcore.fabric.mixins.json could not be read. If this is a development environment you can ignore this message
[05:56:29] [main/WARN]: Reference map 'kuma_api.refmap.json' for kuma_api.mixins.json could not be read. If this is a development environment you can ignore this message
[05:56:29] [main/WARN]: Reference map 'kuma_api.refmap.json' for kuma_api.fabric.mixins.json could not be read. If this is a development environment you can ignore this message
[05:56:29] [main/WARN]: Reference map 'refurbished_furniture.refmap.json' for refurbished_furniture.fabric.mixins.json could not be read. If this is a development environment you can ignore this message
[05:56:29] [main/WARN]: Reference map 'refurbished_furniture.refmap.json' for refurbished_furniture.common.mixins.json could not be read. If this is a development environment you can ignore this message
[05:56:29] [main/WARN]: Reference map 'waystones.refmap.json' for waystones.mixins.json could not be read. If this is a development environment you can ignore this message
[05:56:29] [main/WARN]: Reference map 'waystones.refmap.json' for waystones.fabric.mixins.json could not be read. If this is a development environment you can ignore this message
[05:56:29] [main/WARN]: Reference map 'xaerolib.refmap.json' for xaerolib.mixins.json could not be read. If this is a development environment you can ignore this message
[05:56:29] [main/WARN]: Reference map 'xaeroworldmap.refmap.json' for xaeroworldmap.mixins.json could not be read. If this is a development environment you can ignore this message
[05:56:29] [main/WARN]: Reference map 'yungsapi.refmap.json' for yungsapi.mixins.json could not be read. If this is a development environment you can ignore this message
[05:56:29] [main/WARN]: Reference map 'yungsapi.refmap.json' for yungsapi_fabric.mixins.json could not be read. If this is a development environment you can ignore this message
[05:56:29] [main/WARN]: Error loading class: net/minecraft/client/renderer/GameRenderer (java.lang.ClassNotFoundException: net/minecraft/client/renderer/GameRenderer)
[05:56:29] [main/WARN]: @Mixin target net.minecraft.client.renderer.GameRenderer was not found creativecore.fabric.mixins.json:GameRendererMixin from mod creativecore
[05:56:29] [main/WARN]: Error loading class: net/minecraft/client/gui/screens/recipebook/GhostSlots (java.lang.ClassNotFoundException: net/minecraft/client/gui/screens/recipebook/GhostSlots)
[05:56:29] [main/WARN]: @Mixin target net.minecraft.client.gui.screens.recipebook.GhostSlots was not found farmersdelight.mixins.json:refabricated.GhostSlotsInvoker from mod farmersdelight
[05:56:29] [main/WARN]: Error loading class: net/minecraft/client/gui/GuiGraphicsExtractor (java.lang.ClassNotFoundException: net/minecraft/client/gui/GuiGraphicsExtractor)
[05:56:29] [main/WARN]: @Mixin target net.minecraft.client.gui.GuiGraphicsExtractor was not found farmersdelight.mixins.json:refabricated.GuiGraphicsExtractorAccessor from mod farmersdelight
[05:56:29] [main/WARN]: Error loading class: net/minecraft/client/renderer/LevelRenderer (java.lang.ClassNotFoundException: net/minecraft/client/renderer/LevelRenderer)
[05:56:29] [main/WARN]: @Mixin target net.minecraft.client.renderer.LevelRenderer was not found immersiveores.mixins.json:ToolOverlayRenderer from mod immersiveores
[05:56:29] [main/WARN]: Error loading class: de/siphalor/amecs/key_modifiers/impl/AmecsKeyModifiersEarlyInit (java.lang.ClassNotFoundException: de/siphalor/amecs/key_modifiers/impl/AmecsKeyModifiersEarlyInit)
[05:56:29] [main/WARN]: @Mixin target de.siphalor.amecs.key_modifiers.impl.AmecsKeyModifiersEarlyInit was not found jei.mixins.json:AmecsKeyModifiersEarlyInitMixin from mod jei
[05:56:29] [main/WARN]: Error loading class: net/minecraft/client/gui/screens/inventory/CreativeModeInventoryScreen (java.lang.ClassNotFoundException: net/minecraft/client/gui/screens/inventory/CreativeModeInventoryScreen)
[05:56:29] [main/WARN]: @Mixin target net.minecraft.client.gui.screens.inventory.CreativeModeInventoryScreen was not found trinkets.mixins.json:client.accessor.CreativeModeInventoryScreenAccessor from mod trinkets_updated
[05:56:30] [main/INFO]: Initializing MixinExtras via com.llamalad7.mixinextras.service.MixinExtrasServiceImpl(version=0.5.4).
[05:56:37] [main/INFO]: [Animal Feeding Trough] Load Complete! Enjoy :D
[05:56:38] [main/INFO]: Mod proxy balm:permissions resolved as net.blay09.mods.balm.platform.permissions.internal.CommonBalmPermissions@21eae344
[05:56:38] [main/INFO]: Reflections took 39 ms to scan 1 urls, producing 1 keys and 3 values
[05:56:38] [main/INFO]: Reflections took 6 ms to scan 1 urls, producing 1 keys and 3 values
[05:56:38] [main/INFO]: Reflections took 1 ms to scan 1 urls, producing 1 keys and 2 values
[05:56:38] [main/INFO]: Reflections took 1 ms to scan 1 urls, producing 1 keys and 2 values
[05:56:38] [main/INFO]: Reflections took 1 ms to scan 1 urls, producing 1 keys and 1 values
[05:56:38] [main/INFO]: Reflections took 2 ms to scan 1 urls, producing 1 keys and 1 values
[05:56:38] [main/INFO]: ExpandAbility here, who dis?
[05:56:38] [main/INFO]: Loaded config farmersdelight-common.json
[05:56:39] [main/INFO]: Reflections took 190 ms to scan 2 urls, producing 9 keys and 133 values
[05:56:40] [main/INFO]: Registered synced data key refurbished_furniture:lock_yaw for refurbished_furniture:seat
[05:56:41] [main/INFO]: [STDOUT]: All 43 have been set properly
[05:56:42] [main/INFO]: Constructing components for mutantmonsters:common
[05:56:42] [main/INFO]: Dispatching loading event for config mutantmonsters-common.toml
[05:56:42] [main/INFO]: Constructing components for puzzleslib:common
[05:56:42] [main/INFO]: Registered region minecraft:overworld to index 0 for type OVERWORLD
[05:56:42] [main/INFO]: Registered region minecraft:nether to index 0 for type NETHER
[05:56:42] [main/INFO]: Registered region biomesoplenty:overworld_primary to index 1 for type OVERWORLD
[05:56:42] [main/INFO]: Registered region biomesoplenty:overworld_secondary to index 2 for type OVERWORLD
[05:56:42] [main/INFO]: Registered region biomesoplenty:overworld_rare to index 3 for type OVERWORLD
[05:56:42] [main/INFO]: Registered region biomesoplenty:nether_common to index 1 for type NETHER
[05:56:42] [main/INFO]: Registered region biomesoplenty:nether_rare to index 2 for type NETHER
[05:56:43] [main/INFO]: Registered the FluidEffect with Unique ID of minecraft:water for Water (Fluid Amount Required: 81000) with the ID 0
[05:56:43] [main/INFO]: Registered the FluidEffect with Unique ID of minecraft:lava for Lava (Fluid Amount Required: 81000) with the ID 1
[05:56:43] [main/INFO]: Registered the FluidEffect with Unique ID of travelersbackpack:potion for block.travelersbackpack.potion_still (Fluid Amount Required: 27000) with the ID 2
[05:56:43] [main/INFO]: Registered the FluidEffect with Unique ID of minecraft:milk for Air (Fluid Amount Required: 81000) with the ID 3
[05:56:44] [main/INFO]: Reflections took 2 ms to scan 1 urls, producing 1 keys and 3 values
[05:56:44] [main/INFO]: Reflections took 1 ms to scan 1 urls, producing 1 keys and 3 values
[05:56:44] [main/INFO]: Registering common data for channel xaerolib:main!
[05:56:44] [main/INFO]: Loading primary common config for channel xaerolib:main!
[05:56:44] [main/INFO]: Loading server config profiles for channel xaerolib:main!
[05:56:44] [main/INFO]: Loading XaeroLib common 1/2!
[05:56:44] [main/INFO]: Loading XaeroLib server 1/2!
[05:56:44] [main/INFO]: Registering common data for channel xaerominimap:main!
[05:56:44] [main/INFO]: Loading primary common config for channel xaerominimap:main!
[05:56:44] [main/INFO]: Loading server config profiles for channel xaerominimap:main!
[05:56:44] [main/INFO]: Loading Xaero's Minimap - Stage 1/2 (Server)
[05:56:44] [main/INFO]: Registering common data for channel xaeroworldmap:main!
[05:56:44] [main/INFO]: Loading primary common config for channel xaeroworldmap:main!
[05:56:44] [main/INFO]: Loading server config profiles for channel xaeroworldmap:main!
[05:56:44] [main/INFO]: Loading Xaero's World Map - Stage 1/2 (Server)
[05:56:44] [main/INFO]: Initializing mods (entrypoint yumi:init)...
[05:56:44] [main/INFO]: Environment: Environment[sessionHost=https://sessionserver.mojang.com, servicesHost=https://api.minecraftservices.com, profilesHost=https://api.mojang.com, name=PROD]
[05:56:46] [Worker-Main-2/ERROR]: Couldn't parse data file 'ati_structures:chests/copper_storage' from 'ati_structures:loot_table/chests/copper_storage.json': DataResult.Error['Unknown registry key in ResourceKey[minecraft:root / minecraft:item]: minecraft:chain': net.minecraft.world.level.storage.loot.LootTable@31b445ed]
[05:56:47] [main/INFO]: Loaded 3745 recipes
[05:56:47] [main/INFO]: Loaded 3507 advancements
[05:56:48] [main/INFO]: Initialized TerraBlender biomes for level stem minecraft:the_nether
[05:56:48] [main/INFO]: Initialized TerraBlender biomes for level stem minecraft:overworld
[05:56:48] [main/INFO]: Applied 1508 biome modifications to 134 of 134 new biomes in 252.1 ms
[05:56:48] [Server thread/INFO]: Dispatching loading event for config mutantmonsters-server.toml
[05:56:48] [Server thread/INFO]: Loading server configs...
[05:56:48] [Server thread/INFO]: Loading XaeroLib common 2/2!
[05:56:48] [Server thread/INFO]: Loading XaeroLib server 2/2!
[05:56:48] [Server thread/INFO]: Starting minecraft server version 26.1.2
[05:56:48] [Server thread/INFO]: Loading properties
[05:56:48] [Server thread/INFO]: Default game type: SURVIVAL
[05:56:48] [Server thread/INFO]: Generating keypair
[05:56:49] [Server thread/INFO]: Starting Minecraft server on *:25565
[05:56:49] [Server thread/WARN]: **** SERVER IS RUNNING IN OFFLINE/INSECURE MODE!
[05:56:49] [Server thread/WARN]: The server will make no attempt to authenticate usernames. Beware.
[05:56:49] [Server thread/WARN]: While this makes the game possible to play without internet access, it also opens up the ability for hackers to connect with any username they choose.
[05:56:49] [Server thread/WARN]: To change this, set "online-mode" to "true" in the server.properties file.
[05:56:49] [Server thread/INFO]: Preparing level "world"
[05:56:49] [Server thread/INFO]: Loading 0 persistent chunks...
[05:56:49] [Server thread/INFO]: Preparing spawn area: 100%
[05:56:49] [Server thread/INFO]: Time elapsed: 14 ms
[05:56:49] [Server thread/INFO]: Done (0.362s)! For help, type "help"
[05:56:49] [Server thread/INFO]: Saving chunks for level 'ServerLevel[world]'/minecraft:overworld
[05:56:49] [Server thread/INFO]: Saving chunks for level 'ServerLevel[world]'/minecraft:the_end
[05:56:49] [Server thread/INFO]: Saving chunks for level 'ServerLevel[world]'/minecraft:the_nether
[05:56:49] [Server thread/INFO]: ThreadedAnvilChunkStorage (world): All chunks are saved
[05:56:49] [Server thread/INFO]: ThreadedAnvilChunkStorage (DIM1): All chunks are saved
[05:56:49] [Server thread/INFO]: ThreadedAnvilChunkStorage (DIM-1): All chunks are saved
[05:56:49] [Server thread/INFO]: ThreadedAnvilChunkStorage: All dimensions are saved
[05:56:49] [Server thread/INFO]: Start loading plugin from Balm: net.blay09.mods.balm.platform.compatibility.hudinfo.internal.JadeModIntegration
[05:56:49] [Server thread/INFO]: Start loading plugin from Jade: snownee.jade.addon.core.CorePlugin
[05:56:49] [Server thread/INFO]: Start loading plugin from Jade: snownee.jade.addon.vanilla.VanillaPlugin
[05:56:49] [Server thread/INFO]: Start loading plugin from Jade: snownee.jade.addon.universal.UniversalPlugin
[05:56:49] [Server thread/INFO]: Start loading plugin from Jade: snownee.jade.addon.access.AccessibilityPlugin
[05:56:49] [Server thread/INFO]: Start loading plugin from Jade: snownee.jade.addon.debug.DebugPlugin
[05:56:49] [Server thread/INFO]: Loading Xaero's Minimap - Stage 2/2 (Server)
[05:56:49] [Server thread/INFO]: Loading Xaero's World Map - Stage 2/2 (Server)
[05:57:04] [Server thread/INFO]: RakanCharmiing[/127.248.185.103:59931] logged in with entity id 73 at (-1761.3149452806251, 106.0, 2940.524609561396)
[05:57:04] [Server thread/INFO]: RakanCharmiing joined the game
[05:57:04] [Server thread/INFO]: Sending item configs to client
[05:57:22] [Server thread/INFO]: llizzie3132[/127.0.34.136:35041] logged in with entity id 344 at (-1762.3667912549292, 99.6537296175886, 2943.396224503214)
[05:57:22] [Server thread/INFO]: llizzie3132 joined the game
[05:57:22] [Server thread/INFO]: Sending item configs to client
[05:57:33] [Server thread/WARN]: llizzie3132 was kicked for floating too long!
[05:57:33] [Server thread/INFO]: llizzie3132 lost connection: Disconnected
[05:57:33] [Server thread/INFO]: llizzie3132 left the game
[05:57:33] [Server thread/WARN]: handleDisconnection() called twice
[05:57:46] [Server thread/INFO]: llizzie3132[/127.0.34.136:56899] logged in with entity id 436 at (-1762.3667912549292, 99.6537296175886, 2943.396224503214)
[05:57:46] [Server thread/INFO]: llizzie3132 joined the game
[05:57:46] [Server thread/INFO]: Sending item configs to client
[06:11:32] [Server thread/INFO]: llizzie3132 lost connection: Timed out
[06:11:32] [Server thread/INFO]: llizzie3132 left the game
[06:12:11] [Server thread/INFO]: llizzie3132[/127.0.34.136:51711] logged in with entity id 4019 at (-1757.5, 96.6875, 2944.5)
[06:12:11] [Server thread/INFO]: llizzie3132 joined the game
[06:12:11] [Server thread/INFO]: Sending item configs to client
[06:21:27] [Server thread/INFO]: llizzie3132 lost connection: Timed out
[06:21:27] [Server thread/INFO]: llizzie3132 left the game
[06:29:10] [Server thread/INFO]: RakanCharmiing lost connection: Disconnected
[06:29:10] [Server thread/INFO]: RakanCharmiing left the game
[06:29:14] [Server thread/INFO]: Stopping the server
[06:29:14] [Server thread/INFO]: Stopping server
[06:29:14] [Server thread/INFO]: Saving players
[06:29:14] [Server thread/INFO]: Saving worlds
[06:29:14] [Server thread/INFO]: Saving chunks for level 'ServerLevel[world]'/minecraft:overworld
[06:29:14] [Server thread/INFO]: Saving chunks for level 'ServerLevel[world]'/minecraft:the_end
[06:29:14] [Server thread/INFO]: Saving chunks for level 'ServerLevel[world]'/minecraft:the_nether
[06:29:14] [Server thread/INFO]: ThreadedAnvilChunkStorage (world): All chunks are saved
[06:29:14] [Server thread/INFO]: ThreadedAnvilChunkStorage (DIM1): All chunks are saved
[06:29:14] [Server thread/INFO]: ThreadedAnvilChunkStorage (DIM-1): All chunks are saved
[06:29:14] [Server thread/INFO]: ThreadedAnvilChunkStorage: All dimensions are saved
[06:29:14] [Server thread/INFO]: Unloading server configs...
[06:29:14] [Server thread/INFO]: Sending config unload event for refurbished_furniture.server.toml
[06:29:14] [Server thread/INFO]: Finished unloading server configs
[06:29:14] [Server thread/INFO]: Dispatching unloading event for config mutantmonsters-server.toml
